// Jest Snapshot v1, https://goo.gl/fbAQLP

exports[`PeopleList Component PeopleList should render correctly 1`] = `
<div
  className="list-professionals list-people-component"
>
  <div
    onClick={[Function]}
  >
    <div
      className="card-person card-info"
    >
      <div
        className="circle"
      />
      <div
        className="card outline"
      />
    </div>
  </div>
  <div
    onClick={[Function]}
  >
    <div
      className="card-person card-info"
    >
      <div
        className="circle"
      />
      <div
        className="card outline"
      />
    </div>
  </div>
  <div
    className="card-person card-info"
  >
    <div
      className="circle"
    />
    <div
      className="card outline"
    />
  </div>
  <div
    className="card-person card-info"
  >
    <div
      className="circle"
    />
    <div
      className="card outline"
    />
  </div>
  <div
    className="card-person card-info"
  >
    <div
      className="circle"
    />
    <div
      className="card outline"
    />
  </div>
</div>
`;
